#
# There is insufficient memory for the Java Runtime Environment to continue.
# Native memory allocation (mmap) failed to map 67108864 bytes for G1 virtual space
# Possible reasons:
#   The system is out of physical RAM or swap space
#   The process is running with CompressedOops enabled, and the Java Heap may be blocking the growth of the native heap
# Possible solutions:
#   Reduce memory load on the system
#   Increase physical memory or swap space
#   Check if swap backing store is full
#   Decrease Java heap size (-Xmx/-Xms)
#   Decrease number of Java threads
#   Decrease Java thread stack sizes (-Xss)
#   Set larger code cache with -XX:ReservedCodeCacheSize=
#   JVM is running with Unscaled Compressed Oops mode in which the Java heap is
#     placed in the first 4GB address space. The Java Heap base address is the
#     maximum limit for the native heap growth. Please use -XX:HeapBaseMinAddress
#     to set the Java Heap base and to place the Java Heap above 4GB virtual address.
# This output file may be truncated or incomplete.
#
#  Out of Memory Error (os_windows.cpp:3469), pid=31160, tid=5784
#
# JRE version:  (17.0.0.1+2) (build )
# Java VM: OpenJDK 64-Bit Server VM (17.0.0.1+2-3, mixed mode, sharing, tiered, compressed oops, compressed class ptrs, g1 gc, windows-amd64)
# No core dump will be written. Minidumps are not enabled by default on client versions of Windows
#

---------------  S U M M A R Y ------------

Command Line: -Xmx64m -Xms64m -Dorg.gradle.appname=gradlew org.gradle.wrapper.GradleWrapperMain app:installDebug -PreactNativeDevServerPort=8081

Host: Intel(R) Core(TM) i5-6200U CPU @ 2.30GHz, 4 cores, 5G,  Windows 10 , 64 bit Build 19041 (10.0.19041.5438)
Time: Thu Feb 20 22:07:27 2025 Hora Padrão de Caracas elapsed time: 2.115543 seconds (0d 0h 0m 2s)

---------------  T H R E A D  ---------------

Current thread (0x000001c8fc557ff0):  JavaThread "Unknown thread" [_thread_in_vm, id=5784, stack(0x0000001a40900000,0x0000001a40a00000)]

Stack: [0x0000001a40900000,0x0000001a40a00000]
Native frames: (J=compiled Java code, j=interpreted, Vv=VM code, C=native code)
V  [jvm.dll+0x66f8ea]
V  [jvm.dll+0x7ce224]
V  [jvm.dll+0x7cf9ce]
V  [jvm.dll+0x7d0033]
V  [jvm.dll+0x242bb5]
V  [jvm.dll+0x66c909]
V  [jvm.dll+0x6613d2]
V  [jvm.dll+0x30082b]
V  [jvm.dll+0x307db6]
V  [jvm.dll+0x357a0e]
V  [jvm.dll+0x357c3f]
V  [jvm.dll+0x2d7ae8]
V  [jvm.dll+0x2d8a54]
V  [jvm.dll+0x7a00a1]
V  [jvm.dll+0x365781]
V  [jvm.dll+0x77f59c]
V  [jvm.dll+0x3e805f]
V  [jvm.dll+0x3e9b01]
C  [jli.dll+0x527b]
C  [ucrtbase.dll+0x21bb2]
C  [KERNEL32.DLL+0x17374]
C  [ntdll.dll+0x4cc91]


---------------  P R O C E S S  ---------------

Threads class SMR info:
_java_thread_list=0x00007fff9d6c9818, length=0, elements={
}

Java Threads: ( => current thread )

Other Threads:
  0x000001c8fc578080 GCTaskThread "GC Thread#0" [stack: 0x0000001a40a00000,0x0000001a40b00000] [id=35444]
  0x000001c8fc579fd0 ConcurrentGCThread "G1 Main Marker" [stack: 0x0000001a40b00000,0x0000001a40c00000] [id=6952]
  0x000001c8fc57c9a0 ConcurrentGCThread "G1 Conc#0" [stack: 0x0000001a40c00000,0x0000001a40d00000] [id=38092]

[error occurred during error reporting (printing all threads), id 0xc0000005, EXCEPTION_ACCESS_VIOLATION (0xc0000005) at pc=0x00007fff9cf184c7]

VM state: not at safepoint (not fully initialized)

VM Mutex/Monitor currently owned by a thread:  ([mutex/lock_event])
[0x000001c8fc5554f0] Heap_lock - owner thread: 0x000001c8fc557ff0

Heap address: 0x00000000fc000000, size: 64 MB, Compressed Oops mode: 32-bit

CDS archive(s) mapped at: [0x0000000000000000-0x0000000000000000-0x0000000000000000), size 0, SharedBaseAddress: 0x0000000800000000, ArchiveRelocationMode: 0.
Narrow klass base: 0x0000000000000000, Narrow klass shift: 0, Narrow klass range: 0x0

GC Precious Log:
<Empty>

Heap:
 garbage-first heap   total 0K, used 0K [0x00000000fc000000, 0x0000000100000000)
  region size 1024K, 0 young (0K), 0 survivors (0K)

[error occurred during error reporting (printing heap information), id 0xc0000005, EXCEPTION_ACCESS_VIOLATION (0xc0000005) at pc=0x00007fff9d2f8c59]

GC Heap History (0 events):
No events

Deoptimization events (0 events):
No events

Classes unloaded (0 events):
No events

Classes redefined (0 events):
No events

Internal exceptions (0 events):
No events

VM Operations (0 events):
No events

Events (1 events):
Event: 1.175 Loaded shared library C:\Program Files\Java\jdk-17.0.0.1\bin\java.dll


Dynamic libraries:
0x00007ff7d31f0000 - 0x00007ff7d31fe000 	C:\Program Files\Java\jdk-17.0.0.1\bin\java.exe
0x00007fffe89f0000 - 0x00007fffe8be8000 	C:\WINDOWS\SYSTEM32\ntdll.dll
0x00007fffe80c0000 - 0x00007fffe8182000 	C:\WINDOWS\System32\KERNEL32.DLL
0x00007fffe6650000 - 0x00007fffe694f000 	C:\WINDOWS\System32\KERNELBASE.dll
0x00007fffe6360000 - 0x00007fffe6460000 	C:\WINDOWS\System32\ucrtbase.dll
0x00007fffdde90000 - 0x00007fffddeaa000 	C:\Program Files\Java\jdk-17.0.0.1\bin\VCRUNTIME140.dll
0x00007fffddeb0000 - 0x00007fffddec8000 	C:\Program Files\Java\jdk-17.0.0.1\bin\jli.dll
0x00007fffe8190000 - 0x00007fffe832d000 	C:\WINDOWS\System32\USER32.dll
0x00007fffdecf0000 - 0x00007fffdef8a000 	C:\WINDOWS\WinSxS\amd64_microsoft.windows.common-controls_6595b64144ccf1df_6.0.19041.4355_none_60b8b9eb71f62e16\COMCTL32.dll
0x00007fffe6130000 - 0x00007fffe6152000 	C:\WINDOWS\System32\win32u.dll
0x00007fffe8690000 - 0x00007fffe872e000 	C:\WINDOWS\System32\msvcrt.dll
0x00007fffe72a0000 - 0x00007fffe72cb000 	C:\WINDOWS\System32\GDI32.dll
0x00007fffe6160000 - 0x00007fffe627a000 	C:\WINDOWS\System32\gdi32full.dll
0x00007fffe6090000 - 0x00007fffe612d000 	C:\WINDOWS\System32\msvcp_win.dll
0x00007fffe8850000 - 0x00007fffe887f000 	C:\WINDOWS\System32\IMM32.DLL
0x00007fffe0940000 - 0x00007fffe094c000 	C:\Program Files\Java\jdk-17.0.0.1\bin\vcruntime140_1.dll
0x00007fffc5a90000 - 0x00007fffc5b1d000 	C:\Program Files\Java\jdk-17.0.0.1\bin\msvcp140.dll
0x00007fff9cc30000 - 0x00007fff9d7f0000 	C:\Program Files\Java\jdk-17.0.0.1\bin\server\jvm.dll
0x00007fffe72d0000 - 0x00007fffe737f000 	C:\WINDOWS\System32\ADVAPI32.dll
0x00007fffe7000000 - 0x00007fffe709f000 	C:\WINDOWS\System32\sechost.dll
0x00007fffe7470000 - 0x00007fffe7593000 	C:\WINDOWS\System32\RPCRT4.dll
0x00007fffe6280000 - 0x00007fffe62a7000 	C:\WINDOWS\System32\bcrypt.dll
0x00007fffe70a0000 - 0x00007fffe70a8000 	C:\WINDOWS\System32\PSAPI.DLL
0x00007fffdeb20000 - 0x00007fffdeb47000 	C:\WINDOWS\SYSTEM32\WINMM.dll
0x00007fffdfde0000 - 0x00007fffdfdea000 	C:\WINDOWS\SYSTEM32\VERSION.dll
0x00007fffddde0000 - 0x00007fffddde9000 	C:\WINDOWS\SYSTEM32\WSOCK32.dll
0x00007fffe7400000 - 0x00007fffe746b000 	C:\WINDOWS\System32\WS2_32.dll
0x00007fffe4900000 - 0x00007fffe4912000 	C:\WINDOWS\SYSTEM32\kernel.appcore.dll
0x00007fffdddd0000 - 0x00007fffdddda000 	C:\Program Files\Java\jdk-17.0.0.1\bin\jimage.dll
0x00007fffe3df0000 - 0x00007fffe3fd4000 	C:\WINDOWS\SYSTEM32\DBGHELP.DLL
0x00007fffdf6c0000 - 0x00007fffdf6f4000 	C:\WINDOWS\SYSTEM32\dbgcore.DLL
0x00007fffe65c0000 - 0x00007fffe6642000 	C:\WINDOWS\System32\bcryptPrimitives.dll
0x00007fffddda0000 - 0x00007fffdddc5000 	C:\Program Files\Java\jdk-17.0.0.1\bin\java.dll

dbghelp: loaded successfully - version: 4.0.5 - missing functions: none
symbol engine: initialized successfully - sym options: 0x614 - pdb path: .;C:\Program Files\Java\jdk-17.0.0.1\bin;C:\WINDOWS\SYSTEM32;C:\WINDOWS\WinSxS\amd64_microsoft.windows.common-controls_6595b64144ccf1df_6.0.19041.4355_none_60b8b9eb71f62e16;C:\Program Files\Java\jdk-17.0.0.1\bin\server

VM Arguments:
jvm_args: -Xmx64m -Xms64m -Dorg.gradle.appname=gradlew 
java_command: org.gradle.wrapper.GradleWrapperMain app:installDebug -PreactNativeDevServerPort=8081
java_class_path (initial): C:\Users\acsas\projetos\Elderly\super_ano5_elderly\Aplicativo-v1\android\\gradle\wrapper\gradle-wrapper.jar
Launcher Type: SUN_STANDARD

[Global flags]
     intx CICompilerCount                          = 3                                         {product} {ergonomic}
     uint ConcGCThreads                            = 1                                         {product} {ergonomic}
     uint G1ConcRefinementThreads                  = 4                                         {product} {ergonomic}
   size_t G1HeapRegionSize                         = 1048576                                   {product} {ergonomic}
    uintx GCDrainStackTargetSize                   = 64                                        {product} {ergonomic}
   size_t InitialHeapSize                          = 67108864                                  {product} {command line}
   size_t MarkStackSize                            = 4194304                                   {product} {ergonomic}
   size_t MaxHeapSize                              = 67108864                                  {product} {command line}
   size_t MinHeapDeltaBytes                        = 1048576                                   {product} {ergonomic}
   size_t MinHeapSize                              = 67108864                                  {product} {command line}
    uintx NonNMethodCodeHeapSize                   = 5832780                                {pd product} {ergonomic}
    uintx NonProfiledCodeHeapSize                  = 122912730                              {pd product} {ergonomic}
    uintx ProfiledCodeHeapSize                     = 122912730                              {pd product} {ergonomic}
    uintx ReservedCodeCacheSize                    = 251658240                              {pd product} {ergonomic}
     bool SegmentedCodeCache                       = true                                      {product} {ergonomic}
   size_t SoftMaxHeapSize                          = 67108864                               {manageable} {ergonomic}
     bool UseCompressedClassPointers               = true                           {product lp64_product} {ergonomic}
     bool UseCompressedOops                        = true                           {product lp64_product} {ergonomic}
     bool UseG1GC                                  = true                                      {product} {ergonomic}
     bool UseLargePagesIndividualAllocation        = false                                  {pd product} {ergonomic}

Logging:
Log output configuration:
 #0: stdout all=warning uptime,level,tags
 #1: stderr all=off uptime,level,tags

Environment Variables:
JAVA_HOME=C:\Program Files\Java\jdk-17.0.0.1
CLASSPATH=C:\Users\acsas\projetos\Elderly\super_ano5_elderly\Aplicativo-v1\android\\gradle\wrapper\gradle-wrapper.jar
PATH=C:\Users\acsas\projetos\Elderly\super_ano5_elderly\aplicativo-v1\node_modules\.bin;C:\Users\acsas\projetos\Elderly\super_ano5_elderly\aplicativo-v1\node_modules\.bin;C:\Users\acsas\projetos\Elderly\super_ano5_elderly\node_modules\.bin;C:\Users\acsas\projetos\Elderly\node_modules\.bin;C:\Users\acsas\projetos\node_modules\.bin;C:\Users\acsas\node_modules\.bin;C:\Users\node_modules\.bin;C:\node_modules\.bin;C:\Users\acsas\AppData\Roaming\npm\node_modules\npm\node_modules\@npmcli\run-script\lib\node-gyp-bin;C:\Program Files\Java\jdk-17.0.0.1\bin;C:\Program Files (x86)\Common Files\Oracle\Java\javapath;C:\WINDOWS\system32;C:\WINDOWS;C:\WINDOWS\System32\Wbem;C:\WINDOWS\System32\WindowsPowerShell\v1.0\;C:\WINDOWS\System32\OpenSSH\;C:\Program Files\nodejs\;C:\Users\acsas\OneDrive\Área de Trabalho\platform-tools;C:\gradle-8.12\bin;C:\Program Files\Git\cmd;C:\Users\acsas\AppData\Local\Programs\Python\Python313\Scripts\;C:\Users\acsas\AppData\Local\Programs\Python\Python313\;C:\Users\acsas\AppData\Local\Programs\Python\Launcher\;C:\Users\acsas\AppData\Local\Microsoft\WindowsApps;C:\Users\acsas\AppData\Local\Programs\Microsoft VS Code\bin;C:\Users\acsas\AppData\Roaming\npm;c:\Users\acsas\.vscode\extensions\ms-python.debugpy-2025.0.1-win32-x64\bundled\scripts\noConfigScripts
USERNAME=acsas
LANG=en_US.UTF-8
OS=Windows_NT
PROCESSOR_IDENTIFIER=Intel64 Family 6 Model 78 Stepping 3, GenuineIntel



---------------  S Y S T E M  ---------------

OS:
 Windows 10 , 64 bit Build 19041 (10.0.19041.5438)
OS uptime: 7 days 18:47 hours

CPU: total 4 (initial active 4) (2 cores per cpu, 2 threads per core) family 6 model 78 stepping 3 microcode 0xcc, cx8, cmov, fxsr, ht, mmx, 3dnowpref, sse, sse2, sse3, ssse3, sse4.1, sse4.2, popcnt, lzcnt, tsc, tscinvbit, avx, avx2, aes, erms, clmul, bmi1, bmi2, adx, fma, vzeroupper, clflush, clflushopt

Memory: 4k page, system-wide physical 6037M (471M free)
TotalPageFile size 24469M (AvailPageFile size 4M)
current process WorkingSet (physical memory assigned to process): 10M, peak: 10M
current process commit charge ("private bytes"): 51M, peak: 115M

vm_info: OpenJDK 64-Bit Server VM (17.0.0.1+2-3) for windows-amd64 JRE (17.0.0.1+2-3), built on May  8 2024 19:05:00 by "mach5one" with MS VC++ 16.8 (VS2019)

END.
