#
# There is insufficient memory for the Java Runtime Environment to continue.
# Native memory allocation (malloc) failed to allocate 179360 bytes for Chunk::new
# Possible reasons:
#   The system is out of physical RAM or swap space
#   The process is running with CompressedOops enabled, and the Java Heap may be blocking the growth of the native heap
# Possible solutions:
#   Reduce memory load on the system
#   Increase physical memory or swap space
#   Check if swap backing store is full
#   Decrease Java heap size (-Xmx/-Xms)
#   Decrease number of Java threads
#   Decrease Java thread stack sizes (-Xss)
#   Set larger code cache with -XX:ReservedCodeCacheSize=
#   JVM is running with Unscaled Compressed Oops mode in which the Java heap is
#     placed in the first 4GB address space. The Java Heap base address is the
#     maximum limit for the native heap growth. Please use -XX:HeapBaseMinAddress
#     to set the Java Heap base and to place the Java Heap above 4GB virtual address.
# This output file may be truncated or incomplete.
#
#  Out of Memory Error (arena.cpp:189), pid=41516, tid=41608
#
# JRE version: OpenJDK Runtime Environment (17.0.0.1+2) (build 17.0.0.1+2-3)
# Java VM: OpenJDK 64-Bit Server VM (17.0.0.1+2-3, mixed mode, sharing, tiered, compressed oops, compressed class ptrs, g1 gc, windows-amd64)
# No core dump will be written. Minidumps are not enabled by default on client versions of Windows
#

---------------  S U M M A R Y ------------

Command Line: -Xmx64m -Xms64m -Dorg.gradle.appname=gradlew org.gradle.wrapper.GradleWrapperMain app:installDebug -PreactNativeDevServerPort=8081

Host: Intel(R) Core(TM) i5-6200U CPU @ 2.30GHz, 4 cores, 5G,  Windows 10 , 64 bit Build 19041 (10.0.19041.5438)
Time: Thu Feb 20 22:17:30 2025 Hora Padrão de Caracas elapsed time: 3.880633 seconds (0d 0h 0m 3s)

---------------  T H R E A D  ---------------

Current thread (0x0000025de4aa50d0):  JavaThread "C2 CompilerThread0" daemon [_thread_in_native, id=41608, stack(0x000000fa3cd00000,0x000000fa3ce00000)]


Current CompileTask:
C2:   3880  488       4       java.io.File::hashCode (8 bytes)

Stack: [0x000000fa3cd00000,0x000000fa3ce00000]
Native frames: (J=compiled Java code, j=interpreted, Vv=VM code, C=native code)
V  [jvm.dll+0x66f8ea]
V  [jvm.dll+0x7ce224]
V  [jvm.dll+0x7cf9ce]
V  [jvm.dll+0x7d0033]
V  [jvm.dll+0x242bb5]
V  [jvm.dll+0xaa05b]
V  [jvm.dll+0xaa5ec]
V  [jvm.dll+0x35f9f7]
V  [jvm.dll+0x329f61]
V  [jvm.dll+0x32940a]
V  [jvm.dll+0x215ca1]
V  [jvm.dll+0x2150c1]
V  [jvm.dll+0x1a168d]
V  [jvm.dll+0x2248f8]
V  [jvm.dll+0x222a5c]
V  [jvm.dll+0x78422b]
V  [jvm.dll+0x77e7ea]
V  [jvm.dll+0x66e715]
C  [ucrtbase.dll+0x21bb2]
C  [KERNEL32.DLL+0x17374]
C  [ntdll.dll+0x4cc91]


---------------  P R O C E S S  ---------------

Threads class SMR info:
_java_thread_list=0x0000025de552c520, length=12, elements={
0x0000025dcbc68370, 0x0000025de4a828c0, 0x0000025de4a83640, 0x0000025de4a960b0,
0x0000025de4a9aa90, 0x0000025de4a9b350, 0x0000025de4a9bc10, 0x0000025de4aa50d0,
0x0000025de4aa67c0, 0x0000025de4ac54a0, 0x0000025de5557760, 0x0000025de555ea30
}

Java Threads: ( => current thread )
  0x0000025dcbc68370 JavaThread "main" [_thread_blocked, id=18688, stack(0x000000fa3c000000,0x000000fa3c100000)]
  0x0000025de4a828c0 JavaThread "Reference Handler" daemon [_thread_blocked, id=40148, stack(0x000000fa3c700000,0x000000fa3c800000)]
  0x0000025de4a83640 JavaThread "Finalizer" daemon [_thread_blocked, id=28332, stack(0x000000fa3c800000,0x000000fa3c900000)]
  0x0000025de4a960b0 JavaThread "Signal Dispatcher" daemon [_thread_blocked, id=22916, stack(0x000000fa3c900000,0x000000fa3ca00000)]
  0x0000025de4a9aa90 JavaThread "Attach Listener" daemon [_thread_blocked, id=38288, stack(0x000000fa3ca00000,0x000000fa3cb00000)]
  0x0000025de4a9b350 JavaThread "Service Thread" daemon [_thread_blocked, id=21532, stack(0x000000fa3cb00000,0x000000fa3cc00000)]
  0x0000025de4a9bc10 JavaThread "Monitor Deflation Thread" daemon [_thread_blocked, id=16636, stack(0x000000fa3cc00000,0x000000fa3cd00000)]
=>0x0000025de4aa50d0 JavaThread "C2 CompilerThread0" daemon [_thread_in_native, id=41608, stack(0x000000fa3cd00000,0x000000fa3ce00000)]
  0x0000025de4aa67c0 JavaThread "C1 CompilerThread0" daemon [_thread_blocked, id=41284, stack(0x000000fa3ce00000,0x000000fa3cf00000)]
  0x0000025de4ac54a0 JavaThread "Sweeper thread" daemon [_thread_blocked, id=40936, stack(0x000000fa3cf00000,0x000000fa3d000000)]
  0x0000025de5557760 JavaThread "Notification Thread" daemon [_thread_blocked, id=38864, stack(0x000000fa3d000000,0x000000fa3d100000)]
  0x0000025de555ea30 JavaThread "Common-Cleaner" daemon [_thread_blocked, id=37616, stack(0x000000fa3d200000,0x000000fa3d300000)]

Other Threads:
  0x0000025dcbd39100 VMThread "VM Thread" [stack: 0x000000fa3c600000,0x000000fa3c700000] [id=40768]
  0x0000025dcbc96000 WatcherThread [stack: 0x000000fa3d100000,0x000000fa3d200000] [id=41308]
  0x0000025dcbc88400 GCTaskThread "GC Thread#0" [stack: 0x000000fa3c100000,0x000000fa3c200000] [id=15808]
  0x0000025de5730290 GCTaskThread "GC Thread#1" [stack: 0x000000fa3d300000,0x000000fa3d400000] [id=39316]
  0x0000025de573dd40 GCTaskThread "GC Thread#2" [stack: 0x000000fa3d400000,0x000000fa3d500000] [id=40108]
  0x0000025de573dff0 GCTaskThread "GC Thread#3" [stack: 0x000000fa3d500000,0x000000fa3d600000] [id=41384]
  0x0000025dcbc89b40 ConcurrentGCThread "G1 Main Marker" [stack: 0x000000fa3c200000,0x000000fa3c300000] [id=41316]
  0x0000025dcbc8a550 ConcurrentGCThread "G1 Conc#0" [stack: 0x000000fa3c300000,0x000000fa3c400000] [id=18412]
  0x0000025dcbcdd5e0 ConcurrentGCThread "G1 Refine#0" [stack: 0x000000fa3c400000,0x000000fa3c500000] [id=40600]
  0x0000025dcbcdef20 ConcurrentGCThread "G1 Service" [stack: 0x000000fa3c500000,0x000000fa3c600000] [id=41808]

Threads with active compile tasks:
C2 CompilerThread0     4980  488       4       java.io.File::hashCode (8 bytes)

VM state: not at safepoint (normal execution)

VM Mutex/Monitor currently owned by a thread: None

OutOfMemory and StackOverflow Exception counts:
OutOfMemoryError java_heap_errors=1
LinkageErrors=3

Heap address: 0x00000000fc000000, size: 64 MB, Compressed Oops mode: 32-bit

CDS archive(s) mapped at: [0x0000000800000000-0x0000000800bc0000-0x0000000800bc0000), size 12320768, SharedBaseAddress: 0x0000000800000000, ArchiveRelocationMode: 0.
Compressed class space mapped at: 0x0000000800c00000-0x0000000840c00000, reserved size: 1073741824
Narrow klass base: 0x0000000800000000, Narrow klass shift: 0, Narrow klass range: 0x100000000

GC Precious Log:
 CPUs: 4 total, 4 available
 Memory: 6037M
 Large Page Support: Disabled
 NUMA Support: Disabled
 Compressed Oops: Enabled (32-bit)
 Heap Region Size: 1M
 Heap Min Capacity: 64M
 Heap Initial Capacity: 64M
 Heap Max Capacity: 64M
 Pre-touch: Disabled
 Parallel Workers: 4
 Concurrent Workers: 1
 Concurrent Refinement Workers: 4
 Periodic GC: Disabled

Heap:
 garbage-first heap   total 65536K, used 5056K [0x00000000fc000000, 0x0000000100000000)
  region size 1024K, 7 young (7168K), 2 survivors (2048K)
 Metaspace       used 1827K, committed 2048K, reserved 1056768K
  class space    used 171K, committed 256K, reserved 1048576K

Heap Regions: E=young(eden), S=young(survivor), O=old, HS=humongous(starts), HC=humongous(continues), CS=collection set, F=free, OA=open archive, CA=closed archive, TAMS=top-at-mark-start (previous, next)
|   0|0x00000000fc000000, 0x00000000fc000000, 0x00000000fc100000|  0%| F|  |TAMS 0x00000000fc000000, 0x00000000fc000000| Untracked 
|   1|0x00000000fc100000, 0x00000000fc100000, 0x00000000fc200000|  0%| F|  |TAMS 0x00000000fc100000, 0x00000000fc100000| Untracked 
|   2|0x00000000fc200000, 0x00000000fc200000, 0x00000000fc300000|  0%| F|  |TAMS 0x00000000fc200000, 0x00000000fc200000| Untracked 
|   3|0x00000000fc300000, 0x00000000fc300000, 0x00000000fc400000|  0%| F|  |TAMS 0x00000000fc300000, 0x00000000fc300000| Untracked 
|   4|0x00000000fc400000, 0x00000000fc400000, 0x00000000fc500000|  0%| F|  |TAMS 0x00000000fc400000, 0x00000000fc400000| Untracked 
|   5|0x00000000fc500000, 0x00000000fc500000, 0x00000000fc600000|  0%| F|  |TAMS 0x00000000fc500000, 0x00000000fc500000| Untracked 
|   6|0x00000000fc600000, 0x00000000fc600000, 0x00000000fc700000|  0%| F|  |TAMS 0x00000000fc600000, 0x00000000fc600000| Untracked 
|   7|0x00000000fc700000, 0x00000000fc700000, 0x00000000fc800000|  0%| F|  |TAMS 0x00000000fc700000, 0x00000000fc700000| Untracked 
|   8|0x00000000fc800000, 0x00000000fc800000, 0x00000000fc900000|  0%| F|  |TAMS 0x00000000fc800000, 0x00000000fc800000| Untracked 
|   9|0x00000000fc900000, 0x00000000fc900000, 0x00000000fca00000|  0%| F|  |TAMS 0x00000000fc900000, 0x00000000fc900000| Untracked 
|  10|0x00000000fca00000, 0x00000000fca00000, 0x00000000fcb00000|  0%| F|  |TAMS 0x00000000fca00000, 0x00000000fca00000| Untracked 
|  11|0x00000000fcb00000, 0x00000000fcb00000, 0x00000000fcc00000|  0%| F|  |TAMS 0x00000000fcb00000, 0x00000000fcb00000| Untracked 
|  12|0x00000000fcc00000, 0x00000000fcc00000, 0x00000000fcd00000|  0%| F|  |TAMS 0x00000000fcc00000, 0x00000000fcc00000| Untracked 
|  13|0x00000000fcd00000, 0x00000000fcd00000, 0x00000000fce00000|  0%| F|  |TAMS 0x00000000fcd00000, 0x00000000fcd00000| Untracked 
|  14|0x00000000fce00000, 0x00000000fce00000, 0x00000000fcf00000|  0%| F|  |TAMS 0x00000000fce00000, 0x00000000fce00000| Untracked 
|  15|0x00000000fcf00000, 0x00000000fcf00000, 0x00000000fd000000|  0%| F|  |TAMS 0x00000000fcf00000, 0x00000000fcf00000| Untracked 
|  16|0x00000000fd000000, 0x00000000fd000000, 0x00000000fd100000|  0%| F|  |TAMS 0x00000000fd000000, 0x00000000fd000000| Untracked 
|  17|0x00000000fd100000, 0x00000000fd100000, 0x00000000fd200000|  0%| F|  |TAMS 0x00000000fd100000, 0x00000000fd100000| Untracked 
|  18|0x00000000fd200000, 0x00000000fd200000, 0x00000000fd300000|  0%| F|  |TAMS 0x00000000fd200000, 0x00000000fd200000| Untracked 
|  19|0x00000000fd300000, 0x00000000fd300000, 0x00000000fd400000|  0%| F|  |TAMS 0x00000000fd300000, 0x00000000fd300000| Untracked 
|  20|0x00000000fd400000, 0x00000000fd400000, 0x00000000fd500000|  0%| F|  |TAMS 0x00000000fd400000, 0x00000000fd400000| Untracked 
|  21|0x00000000fd500000, 0x00000000fd500000, 0x00000000fd600000|  0%| F|  |TAMS 0x00000000fd500000, 0x00000000fd500000| Untracked 
|  22|0x00000000fd600000, 0x00000000fd600000, 0x00000000fd700000|  0%| F|  |TAMS 0x00000000fd600000, 0x00000000fd600000| Untracked 
|  23|0x00000000fd700000, 0x00000000fd700000, 0x00000000fd800000|  0%| F|  |TAMS 0x00000000fd700000, 0x00000000fd700000| Untracked 
|  24|0x00000000fd800000, 0x00000000fd800000, 0x00000000fd900000|  0%| F|  |TAMS 0x00000000fd800000, 0x00000000fd800000| Untracked 
|  25|0x00000000fd900000, 0x00000000fd900000, 0x00000000fda00000|  0%| F|  |TAMS 0x00000000fd900000, 0x00000000fd900000| Untracked 
|  26|0x00000000fda00000, 0x00000000fda00000, 0x00000000fdb00000|  0%| F|  |TAMS 0x00000000fda00000, 0x00000000fda00000| Untracked 
|  27|0x00000000fdb00000, 0x00000000fdb00000, 0x00000000fdc00000|  0%| F|  |TAMS 0x00000000fdb00000, 0x00000000fdb00000| Untracked 
|  28|0x00000000fdc00000, 0x00000000fdc00000, 0x00000000fdd00000|  0%| F|  |TAMS 0x00000000fdc00000, 0x00000000fdc00000| Untracked 
|  29|0x00000000fdd00000, 0x00000000fdd00000, 0x00000000fde00000|  0%| F|  |TAMS 0x00000000fdd00000, 0x00000000fdd00000| Untracked 
|  30|0x00000000fde00000, 0x00000000fde00000, 0x00000000fdf00000|  0%| F|  |TAMS 0x00000000fde00000, 0x00000000fde00000| Untracked 
|  31|0x00000000fdf00000, 0x00000000fdf00000, 0x00000000fe000000|  0%| F|  |TAMS 0x00000000fdf00000, 0x00000000fdf00000| Untracked 
|  32|0x00000000fe000000, 0x00000000fe000000, 0x00000000fe100000|  0%| F|  |TAMS 0x00000000fe000000, 0x00000000fe000000| Untracked 
|  33|0x00000000fe100000, 0x00000000fe100000, 0x00000000fe200000|  0%| F|  |TAMS 0x00000000fe100000, 0x00000000fe100000| Untracked 
|  34|0x00000000fe200000, 0x00000000fe200000, 0x00000000fe300000|  0%| F|  |TAMS 0x00000000fe200000, 0x00000000fe200000| Untracked 
|  35|0x00000000fe300000, 0x00000000fe300000, 0x00000000fe400000|  0%| F|  |TAMS 0x00000000fe300000, 0x00000000fe300000| Untracked 
|  36|0x00000000fe400000, 0x00000000fe400000, 0x00000000fe500000|  0%| F|  |TAMS 0x00000000fe400000, 0x00000000fe400000| Untracked 
|  37|0x00000000fe500000, 0x00000000fe500000, 0x00000000fe600000|  0%| F|  |TAMS 0x00000000fe500000, 0x00000000fe500000| Untracked 
|  38|0x00000000fe600000, 0x00000000fe600000, 0x00000000fe700000|  0%| F|  |TAMS 0x00000000fe600000, 0x00000000fe600000| Untracked 
|  39|0x00000000fe700000, 0x00000000fe700000, 0x00000000fe800000|  0%| F|  |TAMS 0x00000000fe700000, 0x00000000fe700000| Untracked 
|  40|0x00000000fe800000, 0x00000000fe800000, 0x00000000fe900000|  0%| F|  |TAMS 0x00000000fe800000, 0x00000000fe800000| Untracked 
|  41|0x00000000fe900000, 0x00000000fe900000, 0x00000000fea00000|  0%| F|  |TAMS 0x00000000fe900000, 0x00000000fe900000| Untracked 
|  42|0x00000000fea00000, 0x00000000fea00000, 0x00000000feb00000|  0%| F|  |TAMS 0x00000000fea00000, 0x00000000fea00000| Untracked 
|  43|0x00000000feb00000, 0x00000000feb00000, 0x00000000fec00000|  0%| F|  |TAMS 0x00000000feb00000, 0x00000000feb00000| Untracked 
|  44|0x00000000fec00000, 0x00000000fec00000, 0x00000000fed00000|  0%| F|  |TAMS 0x00000000fec00000, 0x00000000fec00000| Untracked 
|  45|0x00000000fed00000, 0x00000000fed00000, 0x00000000fee00000|  0%| F|  |TAMS 0x00000000fed00000, 0x00000000fed00000| Untracked 
|  46|0x00000000fee00000, 0x00000000fee00000, 0x00000000fef00000|  0%| F|  |TAMS 0x00000000fee00000, 0x00000000fee00000| Untracked 
|  47|0x00000000fef00000, 0x00000000fef00000, 0x00000000ff000000|  0%| F|  |TAMS 0x00000000fef00000, 0x00000000fef00000| Untracked 
|  48|0x00000000ff000000, 0x00000000ff000000, 0x00000000ff100000|  0%| F|  |TAMS 0x00000000ff000000, 0x00000000ff000000| Untracked 
|  49|0x00000000ff100000, 0x00000000ff1f0000, 0x00000000ff200000| 93%| S|CS|TAMS 0x00000000ff100000, 0x00000000ff100000| Complete 
|  50|0x00000000ff200000, 0x00000000ff300000, 0x00000000ff300000|100%| S|CS|TAMS 0x00000000ff200000, 0x00000000ff200000| Complete 
|  51|0x00000000ff300000, 0x00000000ff300000, 0x00000000ff400000|  0%| F|  |TAMS 0x00000000ff300000, 0x00000000ff300000| Untracked 
|  52|0x00000000ff400000, 0x00000000ff400000, 0x00000000ff500000|  0%| F|  |TAMS 0x00000000ff400000, 0x00000000ff400000| Untracked 
|  53|0x00000000ff500000, 0x00000000ff500000, 0x00000000ff600000|  0%| F|  |TAMS 0x00000000ff500000, 0x00000000ff500000| Untracked 
|  54|0x00000000ff600000, 0x00000000ff600000, 0x00000000ff700000|  0%| F|  |TAMS 0x00000000ff600000, 0x00000000ff600000| Untracked 
|  55|0x00000000ff700000, 0x00000000ff700000, 0x00000000ff800000|  0%| F|  |TAMS 0x00000000ff700000, 0x00000000ff700000| Untracked 
|  56|0x00000000ff800000, 0x00000000ff800000, 0x00000000ff900000|  0%| F|  |TAMS 0x00000000ff800000, 0x00000000ff800000| Untracked 
|  57|0x00000000ff900000, 0x00000000ff900000, 0x00000000ffa00000|  0%| F|  |TAMS 0x00000000ff900000, 0x00000000ff900000| Untracked 
|  58|0x00000000ffa00000, 0x00000000ffa00000, 0x00000000ffb00000|  0%| F|  |TAMS 0x00000000ffa00000, 0x00000000ffa00000| Untracked 
|  59|0x00000000ffb00000, 0x00000000ffb8b2d8, 0x00000000ffc00000| 54%| E|  |TAMS 0x00000000ffb00000, 0x00000000ffb00000| Complete 
|  60|0x00000000ffc00000, 0x00000000ffcfcc60, 0x00000000ffd00000| 98%| E|  |TAMS 0x00000000ffc00000, 0x00000000ffc00000| Complete 
|  61|0x00000000ffd00000, 0x00000000ffe00000, 0x00000000ffe00000|100%| E|CS|TAMS 0x00000000ffd00000, 0x00000000ffd00000| Complete 
|  62|0x00000000ffe00000, 0x00000000fff00000, 0x00000000fff00000|100%| E|CS|TAMS 0x00000000ffe00000, 0x00000000ffe00000| Complete 
|  63|0x00000000fff00000, 0x0000000100000000, 0x0000000100000000|100%| E|CS|TAMS 0x00000000fff00000, 0x00000000fff00000| Complete 

Card table byte_map: [0x0000025dc9de0000,0x0000025dc9e00000] _byte_map_base: 0x0000025dc9600000

Marking Bits (Prev, Next): (CMBitMap*) 0x0000025dcbc88a10, (CMBitMap*) 0x0000025dcbc88a50
 Prev Bits: [0x0000025dcba60000, 0x0000025dcbb60000)
 Next Bits: [0x0000025de2460000, 0x0000025de2560000)

Polling page: 0x0000025dc9af0000

Metaspace:

Usage:
  Non-class:      1.62 MB used.
      Class:    171.17 KB used.
       Both:      1.79 MB used.

Virtual space:
  Non-class space:        8.00 MB reserved,       1.75 MB ( 22%) committed,  1 nodes.
      Class space:        1.00 GB reserved,     256.00 KB ( <1%) committed,  1 nodes.
             Both:        1.01 GB reserved,       2.00 MB ( <1%) committed. 

Chunk freelists:
   Non-Class:  3.67 MB
       Class:  3.67 MB
        Both:  7.34 MB

MaxMetaspaceSize: unlimited
CompressedClassSpaceSize: 1.00 GB
Initial GC threshold: 21.00 MB
Current GC threshold: 21.00 MB
CDS: on
MetaspaceReclaimPolicy: balanced
 - commit_granule_bytes: 65536.
 - commit_granule_words: 8192.
 - virtual_space_node_default_size: 1048576.
 - enlarge_chunks_in_place: 1.
 - new_chunks_are_fully_committed: 0.
 - uncommit_free_chunks: 1.
 - use_allocation_guard: 0.
 - handle_deallocations: 1.


Internal statistics:

num_allocs_failed_limit: 0.
num_arena_births: 14.
num_arena_deaths: 0.
num_vsnodes_births: 2.
num_vsnodes_deaths: 0.
num_space_committed: 32.
num_space_uncommitted: 0.
num_chunks_returned_to_freelist: 0.
num_chunks_taken_from_freelist: 49.
num_chunk_merges: 0.
num_chunk_splits: 24.
num_chunks_enlarged: 15.
num_purges: 0.
num_inconsistent_stats: 0.

CodeHeap 'non-profiled nmethods': size=120000Kb used=193Kb max_used=193Kb free=119806Kb
 bounds [0x0000025ddaf30000, 0x0000025ddb1a0000, 0x0000025de2460000]
CodeHeap 'profiled nmethods': size=120000Kb used=951Kb max_used=951Kb free=119048Kb
 bounds [0x0000025dd3a00000, 0x0000025dd3c70000, 0x0000025ddaf30000]
CodeHeap 'non-nmethods': size=5760Kb used=1120Kb max_used=1142Kb free=4639Kb
 bounds [0x0000025dd3460000, 0x0000025dd36d0000, 0x0000025dd3a00000]
 total_blobs=960 nmethods=559 adapters=314
 compilation: enabled
              stopped_count=0, restarted_count=0
 full_count=0

Compilation events (20 events):
Event: 3.439 Thread 0x0000025de4aa67c0  537   !   3       jdk.internal.misc.ScopedMemoryAccess::putLong (25 bytes)
Event: 3.439 Thread 0x0000025de4aa67c0 nmethod 537 0x0000025dd3adbc90 code [0x0000025dd3adbe80, 0x0000025dd3adc358]
Event: 3.439 Thread 0x0000025de4aa67c0  541       3       java.util.jar.Manifest$FastInputStream::readLine (296 bytes)
Event: 3.440 Thread 0x0000025de4aa67c0 nmethod 541 0x0000025dd3adc590 code [0x0000025dd3adc7c0, 0x0000025dd3add0c8]
Event: 3.440 Thread 0x0000025de4aa67c0  538   !   3       jdk.internal.misc.ScopedMemoryAccess::putLongInternal (37 bytes)
Event: 3.440 Thread 0x0000025de4aa67c0 nmethod 538 0x0000025dd3add410 code [0x0000025dd3add5c0, 0x0000025dd3add828]
Event: 3.440 Thread 0x0000025de4aa67c0  542       3       java.util.jar.Manifest$FastInputStream::readLine (9 bytes)
Event: 3.440 Thread 0x0000025de4aa67c0 nmethod 542 0x0000025dd3add990 code [0x0000025dd3addb40, 0x0000025dd3addca8]
Event: 3.441 Thread 0x0000025de4aa67c0  543       3       java.util.zip.ZipFile$Source$Key::hashCode (46 bytes)
Event: 3.442 Thread 0x0000025de4aa67c0 nmethod 543 0x0000025dd3addd90 code [0x0000025dd3addf80, 0x0000025dd3ade3b8]
Event: 3.442 Thread 0x0000025de4aa67c0  544       3       java.nio.file.attribute.FileTime::toMillis (98 bytes)
Event: 3.442 Thread 0x0000025de4aa67c0 nmethod 544 0x0000025dd3ade610 code [0x0000025dd3ade800, 0x0000025dd3adecc8]
Event: 3.442 Thread 0x0000025de4aa67c0  545       3       java.util.concurrent.TimeUnit::toMillis (69 bytes)
Event: 3.442 Thread 0x0000025de4aa67c0 nmethod 545 0x0000025dd3adee90 code [0x0000025dd3adf040, 0x0000025dd3adf358]
Event: 3.443 Thread 0x0000025de4aa67c0  546       3       jdk.internal.misc.Unsafe::getLong (7 bytes)
Event: 3.443 Thread 0x0000025de4aa67c0 nmethod 546 0x0000025dd3adf410 code [0x0000025dd3adf5a0, 0x0000025dd3adf6b8]
Event: 3.460 Thread 0x0000025de4aa67c0  548       3       java.util.zip.ZipUtils::LOCSIG (6 bytes)
Event: 3.460 Thread 0x0000025de4aa67c0 nmethod 548 0x0000025dd3adf790 code [0x0000025dd3adf940, 0x0000025dd3adfc18]
Event: 3.461 Thread 0x0000025de4aa67c0  549       3       sun.nio.fs.WindowsPathParser::normalize (233 bytes)
Event: 3.465 Thread 0x0000025de4aa67c0 nmethod 549 0x0000025dd3adfd90 code [0x0000025dd3ae0360, 0x0000025dd3ae2f88]

GC Heap History (2 events):
Event: 3.271 GC heap before
{Heap before GC invocations=0 (full 0):
 garbage-first heap   total 65536K, used 12288K [0x00000000fc000000, 0x0000000100000000)
  region size 1024K, 13 young (13312K), 0 survivors (0K)
 Metaspace       used 1634K, committed 1792K, reserved 1056768K
  class space    used 152K, committed 192K, reserved 1048576K
}
Event: 3.276 GC heap after
{Heap after GC invocations=1 (full 0):
 garbage-first heap   total 65536K, used 1984K [0x00000000fc000000, 0x0000000100000000)
  region size 1024K, 2 young (2048K), 2 survivors (2048K)
 Metaspace       used 1634K, committed 1792K, reserved 1056768K
  class space    used 152K, committed 192K, reserved 1048576K
}

Deoptimization events (20 events):
Event: 2.618 Thread 0x0000025dcbc68370 DEOPT PACKING pc=0x0000025dd3a5a53e sp=0x000000fa3c0fd950
Event: 2.618 Thread 0x0000025dcbc68370 DEOPT UNPACKING pc=0x0000025dd34b2b43 sp=0x000000fa3c0fcdc8 mode 0
Event: 2.623 Thread 0x0000025dcbc68370 DEOPT PACKING pc=0x0000025dd3a5a53e sp=0x000000fa3c0fd950
Event: 2.623 Thread 0x0000025dcbc68370 DEOPT UNPACKING pc=0x0000025dd34b2b43 sp=0x000000fa3c0fcdc8 mode 0
Event: 2.623 Thread 0x0000025dcbc68370 DEOPT PACKING pc=0x0000025dd3a5a53e sp=0x000000fa3c0fd950
Event: 2.623 Thread 0x0000025dcbc68370 DEOPT UNPACKING pc=0x0000025dd34b2b43 sp=0x000000fa3c0fcdc8 mode 0
Event: 2.666 Thread 0x0000025dcbc68370 DEOPT PACKING pc=0x0000025dd3a54af2 sp=0x000000fa3c0fd7f0
Event: 2.666 Thread 0x0000025dcbc68370 DEOPT UNPACKING pc=0x0000025dd34b2b43 sp=0x000000fa3c0fccb0 mode 0
Event: 2.670 Thread 0x0000025dcbc68370 DEOPT PACKING pc=0x0000025dd3a54af2 sp=0x000000fa3c0fd910
Event: 2.670 Thread 0x0000025dcbc68370 DEOPT UNPACKING pc=0x0000025dd34b2b43 sp=0x000000fa3c0fcdd0 mode 0
Event: 2.670 Thread 0x0000025dcbc68370 DEOPT PACKING pc=0x0000025dd3a54af2 sp=0x000000fa3c0fd910
Event: 2.670 Thread 0x0000025dcbc68370 DEOPT UNPACKING pc=0x0000025dd34b2b43 sp=0x000000fa3c0fcdd0 mode 0
Event: 3.306 Thread 0x0000025dcbc68370 Uncommon trap: trap_request=0xffffff45 fr.pc=0x0000025ddaf582a0 relative=0x0000000000000200
Event: 3.306 Thread 0x0000025dcbc68370 Uncommon trap: reason=unstable_if action=reinterpret pc=0x0000025ddaf582a0 method=java.io.WinNTFileSystem.normalize(Ljava/lang/String;)Ljava/lang/String; @ 104 c2
Event: 3.307 Thread 0x0000025dcbc68370 DEOPT PACKING pc=0x0000025ddaf582a0 sp=0x000000fa3c0fd6d0
Event: 3.307 Thread 0x0000025dcbc68370 DEOPT UNPACKING pc=0x0000025dd34b23a3 sp=0x000000fa3c0fd658 mode 2
Event: 3.308 Thread 0x0000025dcbc68370 Uncommon trap: trap_request=0xffffff45 fr.pc=0x0000025ddaf4e984 relative=0x0000000000000644
Event: 3.308 Thread 0x0000025dcbc68370 Uncommon trap: reason=unstable_if action=reinterpret pc=0x0000025ddaf4e984 method=java.util.zip.ZipFile$Source.checkAndAddEntry(II)I @ 50 c2
Event: 3.308 Thread 0x0000025dcbc68370 DEOPT PACKING pc=0x0000025ddaf4e984 sp=0x000000fa3c0fd380
Event: 3.308 Thread 0x0000025dcbc68370 DEOPT UNPACKING pc=0x0000025dd34b23a3 sp=0x000000fa3c0fd2f8 mode 2

Classes unloaded (0 events):
No events

Classes redefined (0 events):
No events

Internal exceptions (2 events):
Event: 1.114 Thread 0x0000025dcbc68370 Exception <a 'java/lang/NoSuchMethodError'{0x00000000ffdfdd80}: 'int java.lang.invoke.DirectMethodHandle$Holder.invokeStaticInit(java.lang.Object, java.lang.Object)'> (0x00000000ffdfdd80) 
thrown [c:\sb\prod\1715191057\workspace\open\src\hotspot\share\interpreter\linkResolver.cpp, line 766]
Event: 3.463 Thread 0x0000025dcbc68370 Exception <a 'java/lang/OutOfMemoryError'{0x00000000ffb4ee90}> (0x00000000ffb4ee90) 
thrown [c:\sb\prod\1715191057\workspace\open\src\hotspot\share\prims\jni.cpp, line 535]

VM Operations (8 events):
Event: 0.694 Executing VM operation: HandshakeAllThreads
Event: 0.694 Executing VM operation: HandshakeAllThreads done
Event: 1.708 Executing VM operation: Cleanup
Event: 1.708 Executing VM operation: Cleanup done
Event: 2.714 Executing VM operation: Cleanup
Event: 2.714 Executing VM operation: Cleanup done
Event: 3.271 Executing VM operation: G1CollectForAllocation
Event: 3.276 Executing VM operation: G1CollectForAllocation done

Events (20 events):
Event: 1.093 loading class java/io/FilePermissionCollection$1
Event: 1.093 loading class java/io/FilePermissionCollection$1 done
Event: 1.094 loading class sun/security/util/ManifestEntryVerifier
Event: 1.094 loading class sun/security/util/ManifestEntryVerifier done
Event: 1.117 loading class java/net/MalformedURLException
Event: 1.117 loading class java/net/MalformedURLException done
Event: 1.119 loading class java/io/FileFilter
Event: 1.119 loading class java/io/FileFilter done
Event: 2.569 loading class java/util/AbstractList$Itr
Event: 2.569 loading class java/util/AbstractList$Itr done
Event: 2.597 loading class java/lang/invoke/DirectMethodHandle$Special
Event: 2.597 loading class java/lang/invoke/DirectMethodHandle$Special done
Event: 3.285 Loaded shared library C:\Program Files\Java\jdk-17.0.0.1\bin\jimage.dll
Event: 3.309 loading class java/io/BufferedReader
Event: 3.309 loading class java/io/BufferedReader done
Event: 3.310 loading class sun/nio/cs/StreamDecoder
Event: 3.310 loading class sun/nio/cs/StreamDecoder done
Event: 3.310 loading class sun/nio/cs/UTF_8$Decoder
Event: 3.310 loading class sun/nio/cs/UTF_8$Decoder done
Event: 3.463 loading class java/util/zip/DataFormatException


Dynamic libraries:
0x00007ff62c250000 - 0x00007ff62c25e000 	C:\Program Files\Java\jdk-17.0.0.1\bin\java.exe
0x00007fffe89f0000 - 0x00007fffe8be8000 	C:\WINDOWS\SYSTEM32\ntdll.dll
0x00007fffe80c0000 - 0x00007fffe8182000 	C:\WINDOWS\System32\KERNEL32.DLL
0x00007fffe6650000 - 0x00007fffe694f000 	C:\WINDOWS\System32\KERNELBASE.dll
0x00007fffe6360000 - 0x00007fffe6460000 	C:\WINDOWS\System32\ucrtbase.dll
0x00007fffddb50000 - 0x00007fffddb6a000 	C:\Program Files\Java\jdk-17.0.0.1\bin\VCRUNTIME140.dll
0x00007fffdddb0000 - 0x00007fffdddc8000 	C:\Program Files\Java\jdk-17.0.0.1\bin\jli.dll
0x00007fffe8190000 - 0x00007fffe832d000 	C:\WINDOWS\System32\USER32.dll
0x00007fffdecf0000 - 0x00007fffdef8a000 	C:\WINDOWS\WinSxS\amd64_microsoft.windows.common-controls_6595b64144ccf1df_6.0.19041.4355_none_60b8b9eb71f62e16\COMCTL32.dll
0x00007fffe6130000 - 0x00007fffe6152000 	C:\WINDOWS\System32\win32u.dll
0x00007fffe8690000 - 0x00007fffe872e000 	C:\WINDOWS\System32\msvcrt.dll
0x00007fffe72a0000 - 0x00007fffe72cb000 	C:\WINDOWS\System32\GDI32.dll
0x00007fffe6160000 - 0x00007fffe627a000 	C:\WINDOWS\System32\gdi32full.dll
0x00007fffe6090000 - 0x00007fffe612d000 	C:\WINDOWS\System32\msvcp_win.dll
0x00007fffe8850000 - 0x00007fffe887f000 	C:\WINDOWS\System32\IMM32.DLL
0x00007fffdde90000 - 0x00007fffdde9c000 	C:\Program Files\Java\jdk-17.0.0.1\bin\vcruntime140_1.dll
0x00007fffbd250000 - 0x00007fffbd2dd000 	C:\Program Files\Java\jdk-17.0.0.1\bin\msvcp140.dll
0x00007fff9b620000 - 0x00007fff9c1e0000 	C:\Program Files\Java\jdk-17.0.0.1\bin\server\jvm.dll
0x00007fffe72d0000 - 0x00007fffe737f000 	C:\WINDOWS\System32\ADVAPI32.dll
0x00007fffe7000000 - 0x00007fffe709f000 	C:\WINDOWS\System32\sechost.dll
0x00007fffe7470000 - 0x00007fffe7593000 	C:\WINDOWS\System32\RPCRT4.dll
0x00007fffe6280000 - 0x00007fffe62a7000 	C:\WINDOWS\System32\bcrypt.dll
0x00007fffe70a0000 - 0x00007fffe70a8000 	C:\WINDOWS\System32\PSAPI.DLL
0x00007fffdeb20000 - 0x00007fffdeb47000 	C:\WINDOWS\SYSTEM32\WINMM.dll
0x00007fffddda0000 - 0x00007fffddda9000 	C:\WINDOWS\SYSTEM32\WSOCK32.dll
0x00007fffdfde0000 - 0x00007fffdfdea000 	C:\WINDOWS\SYSTEM32\VERSION.dll
0x00007fffe7400000 - 0x00007fffe746b000 	C:\WINDOWS\System32\WS2_32.dll
0x00007fffe4900000 - 0x00007fffe4912000 	C:\WINDOWS\SYSTEM32\kernel.appcore.dll
0x00007fffdcc30000 - 0x00007fffdcc3a000 	C:\Program Files\Java\jdk-17.0.0.1\bin\jimage.dll
0x00007fffe3df0000 - 0x00007fffe3fd4000 	C:\WINDOWS\SYSTEM32\DBGHELP.DLL
0x00007fffdf6c0000 - 0x00007fffdf6f4000 	C:\WINDOWS\SYSTEM32\dbgcore.DLL
0x00007fffe65c0000 - 0x00007fffe6642000 	C:\WINDOWS\System32\bcryptPrimitives.dll
0x00007fffcd8c0000 - 0x00007fffcd8e5000 	C:\Program Files\Java\jdk-17.0.0.1\bin\java.dll
0x00007fffb0c10000 - 0x00007fffb0ce6000 	C:\Program Files\Java\jdk-17.0.0.1\bin\svml.dll
0x00007fffe78b0000 - 0x00007fffe801d000 	C:\WINDOWS\System32\SHELL32.dll
0x00007fffe3fe0000 - 0x00007fffe4784000 	C:\WINDOWS\SYSTEM32\windows.storage.dll
0x00007fffe8330000 - 0x00007fffe8685000 	C:\WINDOWS\System32\combase.dll
0x00007fffe59f0000 - 0x00007fffe5a1f000 	C:\WINDOWS\SYSTEM32\Wldp.dll
0x00007fffe77e0000 - 0x00007fffe78ad000 	C:\WINDOWS\System32\OLEAUT32.dll
0x00007fffe6ad0000 - 0x00007fffe6b7d000 	C:\WINDOWS\System32\SHCORE.dll
0x00007fffe6a10000 - 0x00007fffe6a65000 	C:\WINDOWS\System32\shlwapi.dll
0x00007fffe5fc0000 - 0x00007fffe5fe4000 	C:\WINDOWS\SYSTEM32\profapi.dll
0x00007fffcd8a0000 - 0x00007fffcd8b9000 	C:\Program Files\Java\jdk-17.0.0.1\bin\net.dll
0x00007fffdfa60000 - 0x00007fffdfb6a000 	C:\WINDOWS\SYSTEM32\WINHTTP.dll
0x00007fffe5750000 - 0x00007fffe57bc000 	C:\WINDOWS\system32\mswsock.dll
0x00007fffc6810000 - 0x00007fffc6825000 	C:\Program Files\Java\jdk-17.0.0.1\bin\nio.dll
0x00007fffc6240000 - 0x00007fffc6258000 	C:\Program Files\Java\jdk-17.0.0.1\bin\zip.dll
0x00007fffdaa50000 - 0x00007fffdaa60000 	C:\Program Files\Java\jdk-17.0.0.1\bin\verify.dll

dbghelp: loaded successfully - version: 4.0.5 - missing functions: none
symbol engine: initialized successfully - sym options: 0x614 - pdb path: .;C:\Program Files\Java\jdk-17.0.0.1\bin;C:\WINDOWS\SYSTEM32;C:\WINDOWS\WinSxS\amd64_microsoft.windows.common-controls_6595b64144ccf1df_6.0.19041.4355_none_60b8b9eb71f62e16;C:\Program Files\Java\jdk-17.0.0.1\bin\server

VM Arguments:
jvm_args: -Xmx64m -Xms64m -Dorg.gradle.appname=gradlew 
java_command: org.gradle.wrapper.GradleWrapperMain app:installDebug -PreactNativeDevServerPort=8081
java_class_path (initial): C:\Users\acsas\projetos\Elderly\super_ano5_elderly\Aplicativo-v1\android\\gradle\wrapper\gradle-wrapper.jar
Launcher Type: SUN_STANDARD

[Global flags]
     intx CICompilerCount                          = 3                                         {product} {ergonomic}
     uint ConcGCThreads                            = 1                                         {product} {ergonomic}
     uint G1ConcRefinementThreads                  = 4                                         {product} {ergonomic}
   size_t G1HeapRegionSize                         = 1048576                                   {product} {ergonomic}
    uintx GCDrainStackTargetSize                   = 64                                        {product} {ergonomic}
   size_t InitialHeapSize                          = 67108864                                  {product} {command line}
   size_t MarkStackSize                            = 4194304                                   {product} {ergonomic}
   size_t MaxHeapSize                              = 67108864                                  {product} {command line}
   size_t MaxNewSize                               = 39845888                                  {product} {ergonomic}
   size_t MinHeapDeltaBytes                        = 1048576                                   {product} {ergonomic}
   size_t MinHeapSize                              = 67108864                                  {product} {command line}
    uintx NonNMethodCodeHeapSize                   = 5832780                                {pd product} {ergonomic}
    uintx NonProfiledCodeHeapSize                  = 122912730                              {pd product} {ergonomic}
    uintx ProfiledCodeHeapSize                     = 122912730                              {pd product} {ergonomic}
    uintx ReservedCodeCacheSize                    = 251658240                              {pd product} {ergonomic}
     bool SegmentedCodeCache                       = true                                      {product} {ergonomic}
   size_t SoftMaxHeapSize                          = 67108864                               {manageable} {ergonomic}
     bool UseCompressedClassPointers               = true                           {product lp64_product} {ergonomic}
     bool UseCompressedOops                        = true                           {product lp64_product} {ergonomic}
     bool UseG1GC                                  = true                                      {product} {ergonomic}
     bool UseLargePagesIndividualAllocation        = false                                  {pd product} {ergonomic}

Logging:
Log output configuration:
 #0: stdout all=warning uptime,level,tags
 #1: stderr all=off uptime,level,tags

Environment Variables:
JAVA_HOME=C:\Program Files\Java\jdk-17.0.0.1
CLASSPATH=C:\Users\acsas\projetos\Elderly\super_ano5_elderly\Aplicativo-v1\android\\gradle\wrapper\gradle-wrapper.jar
PATH=C:\Users\acsas\projetos\Elderly\super_ano5_elderly\aplicativo-v1\node_modules\.bin;C:\Users\acsas\projetos\Elderly\super_ano5_elderly\aplicativo-v1\node_modules\.bin;C:\Users\acsas\projetos\Elderly\super_ano5_elderly\node_modules\.bin;C:\Users\acsas\projetos\Elderly\node_modules\.bin;C:\Users\acsas\projetos\node_modules\.bin;C:\Users\acsas\node_modules\.bin;C:\Users\node_modules\.bin;C:\node_modules\.bin;C:\Users\acsas\AppData\Roaming\npm\node_modules\npm\node_modules\@npmcli\run-script\lib\node-gyp-bin;C:\Program Files\Java\jdk-17.0.0.1\bin;C:\Program Files (x86)\Common Files\Oracle\Java\javapath;C:\WINDOWS\system32;C:\WINDOWS;C:\WINDOWS\System32\Wbem;C:\WINDOWS\System32\WindowsPowerShell\v1.0\;C:\WINDOWS\System32\OpenSSH\;C:\Program Files\nodejs\;C:\Users\acsas\OneDrive\Área de Trabalho\platform-tools;C:\gradle-8.12\bin;C:\Program Files\Git\cmd;C:\Users\acsas\AppData\Local\Programs\Python\Python313\Scripts\;C:\Users\acsas\AppData\Local\Programs\Python\Python313\;C:\Users\acsas\AppData\Local\Programs\Python\Launcher\;C:\Users\acsas\AppData\Local\Microsoft\WindowsApps;C:\Users\acsas\AppData\Local\Programs\Microsoft VS Code\bin;C:\Users\acsas\AppData\Roaming\npm;c:\Users\acsas\.vscode\extensions\ms-python.debugpy-2025.0.1-win32-x64\bundled\scripts\noConfigScripts
USERNAME=acsas
LANG=en_US.UTF-8
OS=Windows_NT
PROCESSOR_IDENTIFIER=Intel64 Family 6 Model 78 Stepping 3, GenuineIntel



---------------  S Y S T E M  ---------------

OS:
 Windows 10 , 64 bit Build 19041 (10.0.19041.5438)
OS uptime: 7 days 18:57 hours

CPU: total 4 (initial active 4) (2 cores per cpu, 2 threads per core) family 6 model 78 stepping 3 microcode 0xcc, cx8, cmov, fxsr, ht, mmx, 3dnowpref, sse, sse2, sse3, ssse3, sse4.1, sse4.2, popcnt, lzcnt, tsc, tscinvbit, avx, avx2, aes, erms, clmul, bmi1, bmi2, adx, fma, vzeroupper, clflush, clflushopt

Memory: 4k page, system-wide physical 6037M (289M free)
TotalPageFile size 24469M (AvailPageFile size 55M)
current process WorkingSet (physical memory assigned to process): 51M, peak: 51M
current process commit charge ("private bytes"): 140M, peak: 140M

vm_info: OpenJDK 64-Bit Server VM (17.0.0.1+2-3) for windows-amd64 JRE (17.0.0.1+2-3), built on May  8 2024 19:05:00 by "mach5one" with MS VC++ 16.8 (VS2019)

END.
